nohup: 忽略输入
[2026-04-26 08:52:05,932][__main__][INFO] - Original working directory: /media/Hulu/面部反应生成/baseline_react2025-main-1
[2026-04-26 08:52:05,932][__main__][INFO] - Instantiating trainer
[2026-04-26 08:52:06,208][__main__][INFO] - Done instantiating trainer
[2026-04-26 08:52:06,208][__main__][INFO] - Instantiating data module
[2026-04-26 08:52:06,294][__main__][INFO] - Model Testing ...
[2026-04-26 08:52:06,294][trainer.motion_diffusion][INFO] - Loading test data module
[2026-04-26 08:52:06,331][trainer.motion_diffusion][INFO] - Test data module loaded
Model Loading - Missing keys: []
Model Loading - Unexpected keys: []
Successfully load model checkpoint: /media/Hulu/面部反应生成/baseline_react2025-main-1/save/motion_diffusion/react_2025/online/checkpoints/260424212645_f8blwsxh/TransformerDenoiser/checkpoint_best.pth
[2026-04-26 08:52:10,878][trainer.motion_diffusion][INFO] - Loading post processor
Model Loading - Missing keys: []
Model Loading - Unexpected keys: []
Successfully load model checkpoint: /media/Hulu/面部反应生成/baseline_react2025-main-1/pretrained_models/post_processor/checkpoint.pth
[2026-04-26 08:52:13,802][trainer.motion_diffusion][INFO] - Post processor loaded
  0%|          | 0/1142 [00:00<?, ?it/s]/media/Hulu/面部反应生成/baseline_react2025-main-1/framework/motion_diffusion/diffusion/diffusion_decoder/transformer_denoiser.py:18: UserWarning: To copy construct from a tensor, it is recommended to use sourceTensor.clone().detach() or sourceTensor.clone().detach().requires_grad_(True), rather than torch.tensor(sourceTensor).
  lengths = torch.tensor(lengths, device=device)
  0%|          | 1/1142 [01:08<21:41:56, 68.46s/it]  0%|          | 2/1142 [02:07<19:50:18, 62.65s/it]  0%|          | 3/1142 [03:07<19:28:22, 61.55s/it]  0%|          | 4/1142 [04:07<19:20:44, 61.20s/it]  0%|          | 5/1142 [05:08<19:16:05, 61.01s/it]  1%|          | 6/1142 [06:07<19:04:30, 60.45s/it]  1%|          | 7/1142 [06:58<18:00:57, 57.14s/it]  1%|          | 8/1142 [07:55<18:01:41, 57.23s/it]  1%|          | 9/1142 [08:58<18:30:29, 58.81s/it]  1%|          | 10/1142 [09:57<18:30:53, 58.88s/it]  1%|          | 11/1142 [10:56<18:30:47, 58.93s/it]  1%|          | 12/1142 [11:58<18:50:25, 60.02s/it]  1%|          | 13/1142 [13:00<18:57:30, 60.45s/it]  1%|          | 14/1142 [14:01<18:59:18, 60.60s/it]  1%|▏         | 15/1142 [14:15<14:37:19, 46.71s/it]  1%|▏         | 16/1142 [14:29<11:30:11, 36.78s/it]  1%|▏         | 17/1142 [14:48<9:50:44, 31.51s/it]   2%|▏         | 18/1142 [15:03<8:17:32, 26.56s/it]  2%|▏         | 19/1142 [15:16<7:00:00, 22.44s/it]  2%|▏         | 20/1142 [15:28<6:03:56, 19.46s/it]  2%|▏         | 21/1142 [15:43<5:38:41, 18.13s/it]  2%|▏         | 22/1142 [15:56<5:08:49, 16.54s/it]  2%|▏         | 23/1142 [16:11<5:00:01, 16.09s/it]  2%|▏         | 24/1142 [16:22<4:31:01, 14.55s/it]  2%|▏         | 25/1142 [16:36<4:26:06, 14.29s/it]  2%|▏         | 26/1142 [16:50<4:22:38, 14.12s/it]  2%|▏         | 27/1142 [17:02<4:13:32, 13.64s/it]  2%|▏         | 28/1142 [17:16<4:11:38, 13.55s/it]  3%|▎         | 29/1142 [17:34<4:39:09, 15.05s/it]  3%|▎         | 30/1142 [17:48<4:33:58, 14.78s/it]  3%|▎         | 31/1142 [18:26<6:39:38, 21.58s/it]  3%|▎         | 32/1142 [18:48<6:44:19, 21.86s/it]  3%|▎         | 33/1142 [19:03<6:06:10, 19.81s/it]  3%|▎         | 34/1142 [19:27<6:25:18, 20.86s/it]  3%|▎         | 35/1142 [19:37<5:30:10, 17.90s/it]  3%|▎         | 36/1142 [20:08<6:39:14, 21.66s/it]  3%|▎         | 37/1142 [20:28<6:30:33, 21.21s/it]  3%|▎         | 38/1142 [20:40<5:38:26, 18.39s/it]  3%|▎         | 39/1142 [21:00<5:47:39, 18.91s/it]  4%|▎         | 40/1142 [21:20<5:52:03, 19.17s/it]  4%|▎         | 41/1142 [21:37<5:43:21, 18.71s/it]  4%|▎         | 42/1142 [21:56<5:42:10, 18.66s/it]  4%|▍         | 43/1142 [22:17<5:57:06, 19.50s/it]  4%|▍         | 44/1142 [22:33<5:34:03, 18.25s/it]  4%|▍         | 45/1142 [22:39<4:27:11, 14.61s/it]  4%|▍         | 46/1142 [23:02<5:14:36, 17.22s/it]  4%|▍         | 47/1142 [23:29<6:07:47, 20.15s/it]  4%|▍         | 48/1142 [23:45<5:43:23, 18.83s/it]  4%|▍         | 49/1142 [24:06<5:57:17, 19.61s/it]  4%|▍         | 50/1142 [24:31<6:24:24, 21.12s/it]  4%|▍         | 51/1142 [24:52<6:21:03, 20.96s/it]  5%|▍         | 52/1142 [25:05<5:41:19, 18.79s/it]  5%|▍         | 53/1142 [25:25<5:48:16, 19.19s/it]  5%|▍         | 54/1142 [25:57<6:52:25, 22.74s/it]  5%|▍         | 55/1142 [26:18<6:45:03, 22.36s/it]  5%|▍         | 56/1142 [26:35<6:13:13, 20.62s/it]  5%|▍         | 57/1142 [26:57<6:22:53, 21.17s/it]  5%|▌         | 58/1142 [27:08<5:27:11, 18.11s/it]  5%|▌         | 59/1142 [27:29<5:41:39, 18.93s/it]  5%|▌         | 60/1142 [27:48<5:43:07, 19.03s/it]  5%|▌         | 61/1142 [28:03<5:18:04, 17.65s/it]  5%|▌         | 62/1142 [28:19<5:13:49, 17.44s/it]  6%|▌         | 63/1142 [28:40<5:28:03, 18.24s/it]  6%|▌         | 64/1142 [29:06<6:12:27, 20.73s/it]  6%|▌         | 65/1142 [29:18<5:24:15, 18.06s/it]  6%|▌         | 66/1142 [29:32<5:04:28, 16.98s/it]  6%|▌         | 67/1142 [29:44<4:33:22, 15.26s/it]  6%|▌         | 68/1142 [29:59<4:31:50, 15.19s/it]  6%|▌         | 69/1142 [30:09<4:04:31, 13.67s/it]  6%|▌         | 70/1142 [30:20<3:49:37, 12.85s/it]  6%|▌         | 71/1142 [30:53<5:39:11, 19.00s/it]  6%|▋         | 72/1142 [31:07<5:13:07, 17.56s/it]  6%|▋         | 73/1142 [31:28<5:28:51, 18.46s/it]  6%|▋         | 74/1142 [31:44<5:15:43, 17.74s/it]  7%|▋         | 75/1142 [31:51<4:17:51, 14.50s/it]  7%|▋         | 76/1142 [32:23<5:49:50, 19.69s/it]  7%|▋         | 77/1142 [32:48<6:17:39, 21.28s/it]  7%|▋         | 78/1142 [33:06<6:01:07, 20.36s/it]  7%|▋         | 79/1142 [33:26<6:01:50, 20.42s/it]  7%|▋         | 80/1142 [33:54<6:40:58, 22.65s/it]  7%|▋         | 81/1142 [34:13<6:18:56, 21.43s/it]  7%|▋         | 82/1142 [34:35<6:24:04, 21.74s/it]  7%|▋         | 83/1142 [34:51<5:51:59, 19.94s/it]  7%|▋         | 84/1142 [35:16<6:18:11, 21.45s/it]  7%|▋         | 85/1142 [35:25<5:11:48, 17.70s/it]  8%|▊         | 86/1142 [35:40<4:58:59, 16.99s/it]  8%|▊         | 87/1142 [36:22<7:07:18, 24.30s/it]  8%|▊         | 88/1142 [36:47<7:12:37, 24.63s/it]  8%|▊         | 89/1142 [37:03<6:27:07, 22.06s/it]  8%|▊         | 90/1142 [37:24<6:20:23, 21.70s/it]  8%|▊         | 91/1142 [37:43<6:05:31, 20.87s/it]  8%|▊         | 92/1142 [38:09<6:33:06, 22.46s/it]  8%|▊         | 93/1142 [38:23<5:46:54, 19.84s/it]  8%|▊         | 94/1142 [38:46<6:04:48, 20.89s/it]  8%|▊         | 95/1142 [39:03<5:43:47, 19.70s/it]  8%|▊         | 96/1142 [39:19<5:24:23, 18.61s/it]  8%|▊         | 97/1142 [39:35<5:10:44, 17.84s/it]  9%|▊         | 98/1142 [39:52<5:05:36, 17.56s/it]  9%|▊         | 99/1142 [40:15<5:30:47, 19.03s/it]  9%|▉         | 100/1142 [40:35<5:36:15, 19.36s/it]  9%|▉         | 101/1142 [41:03<6:21:45, 22.00s/it]  9%|▉         | 102/1142 [41:24<6:15:26, 21.66s/it]  9%|▉         | 103/1142 [41:46<6:17:31, 21.80s/it]  9%|▉         | 104/1142 [41:59<5:30:43, 19.12s/it]  9%|▉         | 105/1142 [42:48<8:04:57, 28.06s/it]  9%|▉         | 106/1142 [43:07<7:19:05, 25.43s/it]  9%|▉         | 107/1142 [43:19<6:09:54, 21.44s/it]  9%|▉         | 108/1142 [43:45<6:33:53, 22.86s/it] 10%|▉         | 109/1142 [44:01<5:58:24, 20.82s/it] 10%|▉         | 110/1142 [44:33<6:52:23, 23.98s/it] 10%|▉         | 111/1142 [44:45<5:54:44, 20.64s/it] 10%|▉         | 112/1142 [45:02<5:33:19, 19.42s/it] 10%|▉         | 113/1142 [45:21<5:32:06, 19.36s/it] 10%|▉         | 114/1142 [45:39<5:21:28, 18.76s/it] 10%|█         | 115/1142 [45:55<5:07:14, 17.95s/it] 10%|█         | 116/1142 [46:24<6:05:31, 21.38s/it] 10%|█         | 117/1142 [46:36<5:16:20, 18.52s/it] 10%|█         | 118/1142 [46:52<5:05:56, 17.93s/it] 10%|█         | 119/1142 [47:02<4:23:16, 15.44s/it] 11%|█         | 120/1142 [47:20<4:37:10, 16.27s/it] 11%|█         | 121/1142 [47:40<4:52:07, 17.17s/it] 11%|█         | 122/1142 [48:02<5:18:47, 18.75s/it] 11%|█         | 123/1142 [48:16<4:55:05, 17.38s/it] 11%|█         | 124/1142 [48:40<5:28:45, 19.38s/it] 11%|█         | 125/1142 [48:58<5:18:16, 18.78s/it] 11%|█         | 126/1142 [49:17<5:22:57, 19.07s/it] 11%|█         | 127/1142 [49:35<5:15:26, 18.65s/it] 11%|█         | 128/1142 [50:03<6:03:17, 21.50s/it] 11%|█▏        | 129/1142 [50:43<7:37:02, 27.07s/it] 11%|█▏        | 130/1142 [51:04<7:05:19, 25.22s/it] 11%|█▏        | 131/1142 [51:19<6:13:26, 22.16s/it] 12%|█▏        | 132/1142 [51:40<6:06:24, 21.77s/it] 12%|█▏        | 133/1142 [51:59<5:53:23, 21.01s/it] 12%|█▏        | 134/1142 [52:10<5:00:09, 17.87s/it] 12%|█▏        | 135/1142 [52:35<5:35:26, 19.99s/it] 12%|█▏        | 136/1142 [52:45<4:45:41, 17.04s/it] 12%|█▏        | 137/1142 [53:10<5:25:07, 19.41s/it] 12%|█▏        | 138/1142 [53:27<5:12:28, 18.67s/it] 12%|█▏        | 139/1142 [53:49<5:27:39, 19.60s/it] 12%|█▏        | 140/1142 [54:06<5:16:10, 18.93s/it] 12%|█▏        | 141/1142 [55:01<8:18:11, 29.86s/it] 12%|█▏        | 142/1142 [55:46<9:32:59, 34.38s/it] 13%|█▎        | 143/1142 [57:11<13:43:34, 49.46s/it] 13%|█▎        | 144/1142 [57:59<13:36:22, 49.08s/it] 13%|█▎        | 145/1142 [58:46<13:22:45, 48.31s/it] 13%|█▎        | 146/1142 [59:20<12:13:47, 44.20s/it] 13%|█▎        | 147/1142 [59:46<10:40:56, 38.65s/it] 13%|█▎        | 148/1142 [1:00:28<10:55:30, 39.57s/it] 13%|█▎        | 149/1142 [1:01:14<11:27:54, 41.57s/it] 13%|█▎        | 150/1142 [1:02:01<11:56:14, 43.32s/it] 13%|█▎        | 151/1142 [1:02:37<11:18:17, 41.07s/it] 13%|█▎        | 152/1142 [1:03:52<14:05:49, 51.26s/it] 13%|█▎        | 153/1142 [1:04:22<12:17:01, 44.71s/it] 13%|█▎        | 154/1142 [1:05:10<12:37:20, 45.99s/it] 14%|█▎        | 155/1142 [1:05:16<9:16:35, 33.84s/it]  14%|█▎        | 156/1142 [1:05:30<7:40:17, 28.01s/it] 14%|█▎        | 157/1142 [1:05:36<5:50:06, 21.33s/it] 14%|█▍        | 158/1142 [1:05:44<4:42:51, 17.25s/it] 14%|█▍        | 159/1142 [1:05:55<4:12:58, 15.44s/it] 14%|█▍        | 160/1142 [1:06:07<3:54:54, 14.35s/it] 14%|█▍        | 161/1142 [1:06:12<3:07:56, 11.49s/it] 14%|█▍        | 162/1142 [1:06:20<2:50:42, 10.45s/it] 14%|█▍        | 163/1142 [1:06:27<2:35:05,  9.51s/it] 14%|█▍        | 164/1142 [1:06:35<2:26:14,  8.97s/it] 14%|█▍        | 165/1142 [1:06:39<2:02:16,  7.51s/it] 15%|█▍        | 166/1142 [1:06:45<1:53:21,  6.97s/it] 15%|█▍        | 167/1142 [1:06:52<1:56:56,  7.20s/it] 15%|█▍        | 168/1142 [1:07:01<2:05:12,  7.71s/it] 15%|█▍        | 169/1142 [1:07:18<2:49:46, 10.47s/it] 15%|█▍        | 170/1142 [1:07:25<2:32:30,  9.41s/it] 15%|█▍        | 171/1142 [1:07:30<2:12:50,  8.21s/it] 15%|█▌        | 172/1142 [1:07:40<2:18:00,  8.54s/it] 15%|█▌        | 173/1142 [1:07:47<2:11:52,  8.17s/it] 15%|█▌        | 174/1142 [1:08:04<2:56:08, 10.92s/it] 15%|█▌        | 175/1142 [1:08:09<2:25:09,  9.01s/it] 15%|█▌        | 176/1142 [1:08:18<2:23:00,  8.88s/it] 15%|█▌        | 177/1142 [1:08:34<2:57:20, 11.03s/it] 16%|█▌        | 178/1142 [1:08:49<3:16:27, 12.23s/it] 16%|█▌        | 179/1142 [1:09:06<3:41:04, 13.77s/it] 16%|█▌        | 180/1142 [1:09:13<3:09:50, 11.84s/it] 16%|█▌        | 181/1142 [1:09:25<3:09:31, 11.83s/it] 16%|█▌        | 182/1142 [1:09:38<3:14:11, 12.14s/it] 16%|█▌        | 183/1142 [1:10:58<8:38:24, 32.43s/it] 16%|█▌        | 184/1142 [1:12:14<12:08:00, 45.60s/it] 16%|█▌        | 185/1142 [1:13:03<12:22:02, 46.52s/it] 16%|█▋        | 186/1142 [1:14:00<13:13:27, 49.80s/it] 16%|█▋        | 187/1142 [1:14:47<12:57:18, 48.84s/it] 16%|█▋        | 188/1142 [1:15:42<13:27:55, 50.81s/it] 17%|█▋        | 189/1142 [1:16:25<12:48:04, 48.36s/it] 17%|█▋        | 190/1142 [1:17:17<13:03:54, 49.41s/it] 17%|█▋        | 191/1142 [1:18:10<13:19:59, 50.47s/it] 17%|█▋        | 192/1142 [1:19:29<15:35:25, 59.08s/it] 17%|█▋        | 193/1142 [1:20:35<16:06:30, 61.11s/it] 17%|█▋        | 194/1142 [1:21:51<17:17:23, 65.66s/it] 17%|█▋        | 195/1142 [1:22:38<15:48:40, 60.11s/it] 17%|█▋        | 196/1142 [1:22:53<12:11:57, 46.42s/it] 17%|█▋        | 197/1142 [1:23:12<10:02:47, 38.27s/it] 17%|█▋        | 198/1142 [1:23:17<7:24:21, 28.24s/it]  17%|█▋        | 199/1142 [1:23:34<6:30:25, 24.84s/it] 18%|█▊        | 200/1142 [1:23:47<5:35:57, 21.40s/it] 18%|█▊        | 201/1142 [1:23:55<4:32:42, 17.39s/it] 18%|█▊        | 202/1142 [1:24:02<3:43:16, 14.25s/it] 18%|█▊        | 203/1142 [1:24:15<3:38:43, 13.98s/it] 18%|█▊        | 204/1142 [1:24:34<4:03:15, 15.56s/it] 18%|█▊        | 205/1142 [1:24:44<3:33:48, 13.69s/it] 18%|█▊        | 206/1142 [1:24:52<3:07:04, 11.99s/it] 18%|█▊        | 207/1142 [1:25:05<3:13:08, 12.39s/it] 18%|█▊        | 208/1142 [1:25:20<3:25:12, 13.18s/it] 18%|█▊        | 209/1142 [1:25:41<3:59:24, 15.40s/it] 18%|█▊        | 210/1142 [1:25:55<3:53:26, 15.03s/it] 18%|█▊        | 211/1142 [1:26:05<3:30:29, 13.57s/it] 19%|█▊        | 212/1142 [1:26:18<3:26:50, 13.35s/it] 19%|█▊        | 213/1142 [1:26:35<3:43:10, 14.41s/it] 19%|█▊        | 214/1142 [1:27:01<4:37:32, 17.94s/it] 19%|█▉        | 215/1142 [1:27:11<3:58:51, 15.46s/it] 19%|█▉        | 216/1142 [1:27:21<3:33:57, 13.86s/it] 19%|█▉        | 217/1142 [1:27:30<3:14:09, 12.59s/it] 19%|█▉        | 218/1142 [1:27:46<3:28:20, 13.53s/it] 19%|█▉        | 219/1142 [1:28:06<3:56:51, 15.40s/it] 19%|█▉        | 220/1142 [1:28:26<4:16:47, 16.71s/it] 19%|█▉        | 221/1142 [1:28:41<4:12:05, 16.42s/it] 19%|█▉        | 222/1142 [1:29:06<4:46:58, 18.72s/it] 20%|█▉        | 223/1142 [1:29:22<4:34:29, 17.92s/it] 20%|█▉        | 224/1142 [1:30:02<6:15:56, 24.57s/it] 20%|█▉        | 225/1142 [1:31:12<9:46:18, 38.36s/it] 20%|█▉        | 226/1142 [1:32:10<11:13:12, 44.10s/it] 20%|█▉        | 227/1142 [1:32:40<10:07:13, 39.82s/it] 20%|█▉        | 228/1142 [1:33:53<12:38:30, 49.79s/it] 20%|██        | 229/1142 [1:34:25<11:17:10, 44.50s/it] 20%|██        | 230/1142 [1:36:07<15:38:00, 61.71s/it] 20%|██        | 231/1142 [1:36:30<12:42:49, 50.24s/it] 20%|██        | 232/1142 [1:37:29<13:21:54, 52.87s/it] 20%|██        | 233/1142 [1:38:11<12:29:02, 49.44s/it] 20%|██        | 234/1142 [1:38:41<11:02:12, 43.76s/it] 21%|██        | 235/1142 [1:39:29<11:21:06, 45.06s/it] 21%|██        | 236/1142 [1:40:15<11:23:41, 45.28s/it] 21%|██        | 237/1142 [1:41:00<11:19:56, 45.08s/it] 21%|██        | 238/1142 [1:41:19<9:24:55, 37.50s/it]  21%|██        | 239/1142 [1:41:44<8:26:13, 33.64s/it] 21%|██        | 240/1142 [1:42:16<8:18:41, 33.17s/it] 21%|██        | 241/1142 [1:42:47<8:06:02, 32.37s/it] 21%|██        | 242/1142 [1:43:05<7:05:10, 28.35s/it] 21%|██▏       | 243/1142 [1:43:23<6:16:39, 25.14s/it] 21%|██▏       | 244/1142 [1:43:49<6:17:12, 25.20s/it] 21%|██▏       | 245/1142 [1:44:03<5:28:37, 21.98s/it] 22%|██▏       | 246/1142 [1:44:34<6:10:16, 24.80s/it] 22%|██▏       | 247/1142 [1:44:59<6:09:19, 24.76s/it] 22%|██▏       | 248/1142 [1:45:19<5:46:41, 23.27s/it] 22%|██▏       | 249/1142 [1:45:41<5:39:36, 22.82s/it] 22%|██▏       | 250/1142 [1:46:07<5:54:12, 23.83s/it] 22%|██▏       | 251/1142 [1:46:21<5:10:50, 20.93s/it] 22%|██▏       | 252/1142 [1:46:51<5:52:53, 23.79s/it] 22%|██▏       | 253/1142 [1:47:46<8:11:16, 33.16s/it] 22%|██▏       | 254/1142 [1:48:04<7:02:09, 28.52s/it] 22%|██▏       | 255/1142 [1:48:29<6:47:35, 27.57s/it] 22%|██▏       | 256/1142 [1:49:01<7:04:03, 28.72s/it] 23%|██▎       | 257/1142 [1:49:29<7:01:17, 28.56s/it] 23%|██▎       | 258/1142 [1:50:02<7:20:12, 29.88s/it] 23%|██▎       | 259/1142 [1:50:38<7:45:54, 31.66s/it] 23%|██▎       | 260/1142 [1:51:26<9:00:10, 36.75s/it] 23%|██▎       | 261/1142 [1:52:16<9:55:26, 40.55s/it] 23%|██▎       | 262/1142 [1:52:29<7:53:04, 32.26s/it] 23%|██▎       | 263/1142 [1:52:53<7:16:31, 29.80s/it] 23%|██▎       | 264/1142 [1:53:25<7:24:42, 30.39s/it] 23%|██▎       | 265/1142 [1:53:57<7:33:54, 31.05s/it] 23%|██▎       | 266/1142 [1:54:39<8:20:10, 34.26s/it] 23%|██▎       | 267/1142 [1:55:22<8:59:26, 36.99s/it] 23%|██▎       | 268/1142 [1:56:18<10:22:02, 42.70s/it] 24%|██▎       | 269/1142 [1:57:19<11:40:33, 48.15s/it] 24%|██▎       | 270/1142 [1:58:23<12:50:09, 52.99s/it]